2026-09-05 16:21:17.147: [INFO] CurrentProfilePath: C:\ExpensesPortal\.metadata\.plugins\org.eclipse.swt\EBWebView\Default
2026-09-05 16:21:17.147: [INFO] Profiles total count: 1
2026-09-05 16:21:17.147: [INFO] Profile: name=Profile 1 path=C:\ExpensesPortal\.metadata\.plugins\org.eclipse.swt\EBWebView\Default lastActive=null
2026-09-05 16:21:17.147: [INFO] LastUsedProfileDir: C:\ExpensesPortal\.metadata\.plugins\org.eclipse.swt\EBWebView\Default
2026-09-05 16:21:17.147: [INFO] OnDoneLoading sync enabled: 0
2026-09-05 16:21:17.147: [INFO] BookmarkModelLoaded, ids_reassigned: 0
2026-09-05 16:21:17.147: [INFO] BookmarksLoadDropped droppedNodes=0
2026-09-05 16:21:17.147: [INFO] BookmarksSnapshot Startup total=0 bar=0 other=0 mobile=0 showBar=0 showBarNTP=1
2026-09-05 16:22:37.568: [INFO] BookmarksSnapshot Shutdown total=0 bar=0 other=0 mobile=0 showBar=0 showBarNTP=1
2026-09-05 16:22:37.650: [INFO] CurrentProfilePath: C:\ExpensesPortal\.metadata\.plugins\org.eclipse.swt\EBWebView\Default
2026-09-05 16:22:37.650: [INFO] Profiles total count: 1
2026-09-05 16:22:37.650: [INFO] Profile: name=Profile 1 path=C:\ExpensesPortal\.metadata\.plugins\org.eclipse.swt\EBWebView\Default lastActive=null
2026-09-05 16:22:37.650: [INFO] LastUsedProfileDir: C:\ExpensesPortal\.metadata\.plugins\org.eclipse.swt\EBWebView\Default
2026-09-05 16:22:37.650: [INFO] OnDoneLoading sync enabled: 0
2026-09-05 16:22:37.650: [INFO] BookmarkModelLoaded, ids_reassigned: 0
2026-09-05 16:22:37.650: [INFO] BookmarksLoadDropped droppedNodes=0
2026-09-05 16:22:37.650: [INFO] BookmarksSnapshot Startup total=0 bar=0 other=0 mobile=0 showBar=0 showBarNTP=1
2026-09-05 16:23:31.991: [INFO] BookmarksSnapshot Shutdown total=0 bar=0 other=0 mobile=0 showBar=0 showBarNTP=1
2026-09-05 16:24:09.687: [INFO] CurrentProfilePath: C:\ExpensesPortal\.metadata\.plugins\org.eclipse.swt\EBWebView\Default
2026-09-05 16:24:09.688: [INFO] Profiles total count: 1
2026-09-05 16:24:09.688: [INFO] Profile: name=Profile 1 path=C:\ExpensesPortal\.metadata\.plugins\org.eclipse.swt\EBWebView\Default lastActive=null
2026-09-05 16:24:09.688: [INFO] LastUsedProfileDir: C:\ExpensesPortal\.metadata\.plugins\org.eclipse.swt\EBWebView\Default
2026-09-05 16:24:09.688: [INFO] OnDoneLoading sync enabled: 0
2026-09-05 16:24:09.688: [INFO] BookmarkModelLoaded, ids_reassigned: 0
2026-09-05 16:24:09.688: [INFO] BookmarksLoadDropped droppedNodes=0
2026-09-05 16:24:09.688: [INFO] BookmarksSnapshot Startup total=0 bar=0 other=0 mobile=0 showBar=0 showBarNTP=1
2026-09-06 08:15:43.957: [INFO] CurrentProfilePath: C:\ExpensesPortal\.metadata\.plugins\org.eclipse.swt\EBWebView\Default
2026-09-06 08:15:43.957: [INFO] Profiles total count: 1
2026-09-06 08:15:43.957: [INFO] Profile: name=Profile 1 path=C:\ExpensesPortal\.metadata\.plugins\org.eclipse.swt\EBWebView\Default lastActive=null
2026-09-06 08:15:43.957: [INFO] LastUsedProfileDir: C:\ExpensesPortal\.metadata\.plugins\org.eclipse.swt\EBWebView\Default
2026-09-06 08:15:43.957: [INFO] OnDoneLoading sync enabled: 0
2026-09-06 08:15:43.957: [INFO] BookmarkModelLoaded, ids_reassigned: 0
2026-09-06 08:15:43.957: [INFO] BookmarksLoadDropped droppedNodes=0
2026-09-06 08:15:43.957: [INFO] BookmarksSnapshot Startup total=0 bar=0 other=0 mobile=0 showBar=0 showBarNTP=1
2026-09-06 08:37:57.388: [INFO] BookmarksSnapshot Shutdown total=0 bar=0 other=0 mobile=0 showBar=0 showBarNTP=1
2026-09-06 08:40:27.251: [INFO] CurrentProfilePath: C:\ExpensesPortal\.metadata\.plugins\org.eclipse.swt\EBWebView\Default
2026-09-06 08:40:27.251: [INFO] Profiles total count: 1
2026-09-06 08:40:27.251: [INFO] Profile: name=Profile 1 path=C:\ExpensesPortal\.metadata\.plugins\org.eclipse.swt\EBWebView\Default lastActive=null
2026-09-06 08:40:27.251: [INFO] LastUsedProfileDir: C:\ExpensesPortal\.metadata\.plugins\org.eclipse.swt\EBWebView\Default
2026-09-06 08:40:27.251: [INFO] OnDoneLoading sync enabled: 0
2026-09-06 08:40:27.251: [INFO] BookmarkModelLoaded, ids_reassigned: 0
2026-09-06 08:40:27.251: [INFO] BookmarksLoadDropped droppedNodes=0
2026-09-06 08:40:27.251: [INFO] BookmarksSnapshot Startup total=0 bar=0 other=0 mobile=0 showBar=0 showBarNTP=1
2026-09-06 08:59:16.968: [INFO] BookmarksSnapshot Shutdown total=0 bar=0 other=0 mobile=0 showBar=0 showBarNTP=1
2026-09-06 08:59:20.005: [INFO] CurrentProfilePath: C:\ExpensesPortal\.metadata\.plugins\org.eclipse.swt\EBWebView\Default
2026-09-06 08:59:20.005: [INFO] Profiles total count: 1
2026-09-06 08:59:20.005: [INFO] Profile: name=Profile 1 path=C:\ExpensesPortal\.metadata\.plugins\org.eclipse.swt\EBWebView\Default lastActive=null
2026-09-06 08:59:20.005: [INFO] LastUsedProfileDir: C:\ExpensesPortal\.metadata\.plugins\org.eclipse.swt\EBWebView\Default
2026-09-06 08:59:20.005: [INFO] OnDoneLoading sync enabled: 0
2026-09-06 08:59:20.005: [INFO] BookmarkModelLoaded, ids_reassigned: 0
2026-09-06 08:59:20.005: [INFO] BookmarksLoadDropped droppedNodes=0
2026-09-06 08:59:20.005: [INFO] BookmarksSnapshot Startup total=0 bar=0 other=0 mobile=0 showBar=0 showBarNTP=1
2026-09-06 09:04:36.300: [INFO] BookmarksSnapshot Shutdown total=0 bar=0 other=0 mobile=0 showBar=0 showBarNTP=1
2026-09-06 09:04:57.436: [INFO] CurrentProfilePath: C:\ExpensesPortal\.metadata\.plugins\org.eclipse.swt\EBWebView\Default
2026-09-06 09:04:57.436: [INFO] Profiles total count: 1
2026-09-06 09:04:57.436: [INFO] Profile: name=Profile 1 path=C:\ExpensesPortal\.metadata\.plugins\org.eclipse.swt\EBWebView\Default lastActive=null
2026-09-06 09:04:57.436: [INFO] LastUsedProfileDir: C:\ExpensesPortal\.metadata\.plugins\org.eclipse.swt\EBWebView\Default
2026-09-06 09:04:57.436: [INFO] OnDoneLoading sync enabled: 0
2026-09-06 09:04:57.436: [INFO] BookmarkModelLoaded, ids_reassigned: 0
2026-09-06 09:04:57.436: [INFO] BookmarksLoadDropped droppedNodes=0
2026-09-06 09:04:57.436: [INFO] BookmarksSnapshot Startup total=0 bar=0 other=0 mobile=0 showBar=0 showBarNTP=1
2026-09-06 09:08:09.376: [INFO] BookmarksSnapshot Shutdown total=0 bar=0 other=0 mobile=0 showBar=0 showBarNTP=1
2026-09-06 09:08:36.056: [INFO] CurrentProfilePath: C:\ExpensesPortal\.metadata\.plugins\org.eclipse.swt\EBWebView\Default
2026-09-06 09:08:36.056: [INFO] Profiles total count: 1
2026-09-06 09:08:36.056: [INFO] Profile: name=Profile 1 path=C:\ExpensesPortal\.metadata\.plugins\org.eclipse.swt\EBWebView\Default lastActive=null
2026-09-06 09:08:36.056: [INFO] LastUsedProfileDir: C:\ExpensesPortal\.metadata\.plugins\org.eclipse.swt\EBWebView\Default
2026-09-06 09:08:36.056: [INFO] OnDoneLoading sync enabled: 0
2026-09-06 09:08:36.056: [INFO] BookmarkModelLoaded, ids_reassigned: 0
2026-09-06 09:08:36.056: [INFO] BookmarksLoadDropped droppedNodes=0
2026-09-06 09:08:36.056: [INFO] BookmarksSnapshot Startup total=0 bar=0 other=0 mobile=0 showBar=0 showBarNTP=1
2026-09-06 09:08:47.324: [INFO] BookmarksSnapshot Shutdown total=0 bar=0 other=0 mobile=0 showBar=0 showBarNTP=1
2026-09-06 09:09:54.832: [INFO] CurrentProfilePath: C:\ExpensesPortal\.metadata\.plugins\org.eclipse.swt\EBWebView\Default
2026-09-06 09:09:54.832: [INFO] Profiles total count: 1
2026-09-06 09:09:54.832: [INFO] Profile: name=Profile 1 path=C:\ExpensesPortal\.metadata\.plugins\org.eclipse.swt\EBWebView\Default lastActive=null
2026-09-06 09:09:54.832: [INFO] LastUsedProfileDir: C:\ExpensesPortal\.metadata\.plugins\org.eclipse.swt\EBWebView\Default
2026-09-06 09:09:54.832: [INFO] OnDoneLoading sync enabled: 0
2026-09-06 09:09:54.832: [INFO] BookmarkModelLoaded, ids_reassigned: 0
2026-09-06 09:09:54.832: [INFO] BookmarksLoadDropped droppedNodes=0
2026-09-06 09:09:54.832: [INFO] BookmarksSnapshot Startup total=0 bar=0 other=0 mobile=0 showBar=0 showBarNTP=1
2026-09-06 09:10:04.631: [INFO] BookmarksSnapshot Shutdown total=0 bar=0 other=0 mobile=0 showBar=0 showBarNTP=1
2026-09-06 09:11:28.670: [INFO] CurrentProfilePath: C:\ExpensesPortal\.metadata\.plugins\org.eclipse.swt\EBWebView\Default
2026-09-06 09:11:28.670: [INFO] Profiles total count: 1
2026-09-06 09:11:28.670: [INFO] Profile: name=Profile 1 path=C:\ExpensesPortal\.metadata\.plugins\org.eclipse.swt\EBWebView\Default lastActive=null
2026-09-06 09:11:28.670: [INFO] LastUsedProfileDir: C:\ExpensesPortal\.metadata\.plugins\org.eclipse.swt\EBWebView\Default
2026-09-06 09:11:28.670: [INFO] OnDoneLoading sync enabled: 0
2026-09-06 09:11:28.670: [INFO] BookmarkModelLoaded, ids_reassigned: 0
2026-09-06 09:11:28.670: [INFO] BookmarksLoadDropped droppedNodes=0
2026-09-06 09:11:28.670: [INFO] BookmarksSnapshot Startup total=0 bar=0 other=0 mobile=0 showBar=0 showBarNTP=1
2026-09-06 09:23:25.192: [INFO] BookmarksSnapshot Shutdown total=0 bar=0 other=0 mobile=0 showBar=0 showBarNTP=1
2026-09-06 09:23:33.128: [INFO] CurrentProfilePath: C:\ExpensesPortal\.metadata\.plugins\org.eclipse.swt\EBWebView\Default
2026-09-06 09:23:33.128: [INFO] Profiles total count: 1
2026-09-06 09:23:33.128: [INFO] Profile: name=Profile 1 path=C:\ExpensesPortal\.metadata\.plugins\org.eclipse.swt\EBWebView\Default lastActive=null
2026-09-06 09:23:33.128: [INFO] LastUsedProfileDir: C:\ExpensesPortal\.metadata\.plugins\org.eclipse.swt\EBWebView\Default
2026-09-06 09:23:33.128: [INFO] OnDoneLoading sync enabled: 0
2026-09-06 09:23:33.128: [INFO] BookmarkModelLoaded, ids_reassigned: 0
2026-09-06 09:23:33.128: [INFO] BookmarksLoadDropped droppedNodes=0
2026-09-06 09:23:33.128: [INFO] BookmarksSnapshot Startup total=0 bar=0 other=0 mobile=0 showBar=0 showBarNTP=1
2026-09-06 09:33:17.900: [INFO] BookmarksSnapshot Shutdown total=0 bar=0 other=0 mobile=0 showBar=0 showBarNTP=1
2026-09-06 09:33:55.165: [INFO] CurrentProfilePath: C:\ExpensesPortal\.metadata\.plugins\org.eclipse.swt\EBWebView\Default
2026-09-06 09:33:55.165: [INFO] Profiles total count: 1
2026-09-06 09:33:55.165: [INFO] Profile: name=Profile 1 path=C:\ExpensesPortal\.metadata\.plugins\org.eclipse.swt\EBWebView\Default lastActive=null
2026-09-06 09:33:55.165: [INFO] LastUsedProfileDir: C:\ExpensesPortal\.metadata\.plugins\org.eclipse.swt\EBWebView\Default
2026-09-06 09:33:55.165: [INFO] OnDoneLoading sync enabled: 0
2026-09-06 09:33:55.165: [INFO] BookmarkModelLoaded, ids_reassigned: 0
2026-09-06 09:33:55.165: [INFO] BookmarksLoadDropped droppedNodes=0
2026-09-06 09:33:55.165: [INFO] BookmarksSnapshot Startup total=0 bar=0 other=0 mobile=0 showBar=0 showBarNTP=1
2026-09-06 09:33:58.443: [INFO] BookmarksSnapshot Shutdown total=0 bar=0 other=0 mobile=0 showBar=0 showBarNTP=1
2026-09-06 09:34:26.621: [INFO] CurrentProfilePath: C:\ExpensesPortal\.metadata\.plugins\org.eclipse.swt\EBWebView\Default
2026-09-06 09:34:26.621: [INFO] Profiles total count: 1
2026-09-06 09:34:26.621: [INFO] Profile: name=Profile 1 path=C:\ExpensesPortal\.metadata\.plugins\org.eclipse.swt\EBWebView\Default lastActive=null
2026-09-06 09:34:26.621: [INFO] LastUsedProfileDir: C:\ExpensesPortal\.metadata\.plugins\org.eclipse.swt\EBWebView\Default
2026-09-06 09:34:26.621: [INFO] OnDoneLoading sync enabled: 0
2026-09-06 09:34:26.621: [INFO] BookmarkModelLoaded, ids_reassigned: 0
2026-09-06 09:34:26.621: [INFO] BookmarksLoadDropped droppedNodes=0
2026-09-06 09:34:26.621: [INFO] BookmarksSnapshot Startup total=0 bar=0 other=0 mobile=0 showBar=0 showBarNTP=1
2026-09-06 09:34:26.687: [INFO] BookmarksSnapshot Shutdown total=0 bar=0 other=0 mobile=0 showBar=0 showBarNTP=1
2026-09-06 09:34:51.171: [INFO] CurrentProfilePath: C:\ExpensesPortal\.metadata\.plugins\org.eclipse.swt\EBWebView\Default
2026-09-06 09:34:51.171: [INFO] Profiles total count: 1
2026-09-06 09:34:51.171: [INFO] Profile: name=Profile 1 path=C:\ExpensesPortal\.metadata\.plugins\org.eclipse.swt\EBWebView\Default lastActive=null
2026-09-06 09:34:51.171: [INFO] LastUsedProfileDir: C:\ExpensesPortal\.metadata\.plugins\org.eclipse.swt\EBWebView\Default
2026-09-06 09:34:51.171: [INFO] OnDoneLoading sync enabled: 0
2026-09-06 09:34:51.171: [INFO] BookmarkModelLoaded, ids_reassigned: 0
2026-09-06 09:34:51.171: [INFO] BookmarksLoadDropped droppedNodes=0
2026-09-06 09:34:51.171: [INFO] BookmarksSnapshot Startup total=0 bar=0 other=0 mobile=0 showBar=0 showBarNTP=1
2026-09-06 09:46:05.340: [INFO] BookmarksSnapshot Shutdown total=0 bar=0 other=0 mobile=0 showBar=0 showBarNTP=1
2026-09-06 09:49:08.071: [INFO] CurrentProfilePath: C:\ExpensesPortal\.metadata\.plugins\org.eclipse.swt\EBWebView\Default
2026-09-06 09:49:08.071: [INFO] Profiles total count: 1
2026-09-06 09:49:08.071: [INFO] Profile: name=Profile 1 path=C:\ExpensesPortal\.metadata\.plugins\org.eclipse.swt\EBWebView\Default lastActive=null
2026-09-06 09:49:08.071: [INFO] LastUsedProfileDir: C:\ExpensesPortal\.metadata\.plugins\org.eclipse.swt\EBWebView\Default
2026-09-06 09:49:08.071: [INFO] OnDoneLoading sync enabled: 0
2026-09-06 09:49:08.071: [INFO] BookmarkModelLoaded, ids_reassigned: 0
2026-09-06 09:49:08.071: [INFO] BookmarksLoadDropped droppedNodes=0
2026-09-06 09:49:08.071: [INFO] BookmarksSnapshot Startup total=0 bar=0 other=0 mobile=0 showBar=0 showBarNTP=1
2026-09-06 09:49:10.458: [INFO] BookmarksSnapshot Shutdown total=0 bar=0 other=0 mobile=0 showBar=0 showBarNTP=1
2026-09-06 09:49:40.471: [INFO] CurrentProfilePath: C:\ExpensesPortal\.metadata\.plugins\org.eclipse.swt\EBWebView\Default
2026-09-06 09:49:40.471: [INFO] Profiles total count: 1
2026-09-06 09:49:40.471: [INFO] Profile: name=Profile 1 path=C:\ExpensesPortal\.metadata\.plugins\org.eclipse.swt\EBWebView\Default lastActive=null
2026-09-06 09:49:40.471: [INFO] LastUsedProfileDir: C:\ExpensesPortal\.metadata\.plugins\org.eclipse.swt\EBWebView\Default
2026-09-06 09:49:40.471: [INFO] OnDoneLoading sync enabled: 0
2026-09-06 09:49:40.471: [INFO] BookmarkModelLoaded, ids_reassigned: 0
2026-09-06 09:49:40.471: [INFO] BookmarksLoadDropped droppedNodes=0
2026-09-06 09:49:40.471: [INFO] BookmarksSnapshot Startup total=0 bar=0 other=0 mobile=0 showBar=0 showBarNTP=1
2026-09-06 09:49:45.759: [INFO] BookmarksSnapshot Shutdown total=0 bar=0 other=0 mobile=0 showBar=0 showBarNTP=1
2026-09-06 09:51:26.569: [INFO] CurrentProfilePath: C:\ExpensesPortal\.metadata\.plugins\org.eclipse.swt\EBWebView\Default
2026-09-06 09:51:26.569: [INFO] Profiles total count: 1
2026-09-06 09:51:26.569: [INFO] Profile: name=Profile 1 path=C:\ExpensesPortal\.metadata\.plugins\org.eclipse.swt\EBWebView\Default lastActive=null
2026-09-06 09:51:26.569: [INFO] LastUsedProfileDir: C:\ExpensesPortal\.metadata\.plugins\org.eclipse.swt\EBWebView\Default
2026-09-06 09:51:26.569: [INFO] OnDoneLoading sync enabled: 0
2026-09-06 09:51:26.569: [INFO] BookmarkModelLoaded, ids_reassigned: 0
2026-09-06 09:51:26.569: [INFO] BookmarksLoadDropped droppedNodes=0
2026-09-06 09:51:26.569: [INFO] BookmarksSnapshot Startup total=0 bar=0 other=0 mobile=0 showBar=0 showBarNTP=1
2026-09-06 10:08:41.231: [INFO] BookmarksSnapshot Shutdown total=0 bar=0 other=0 mobile=0 showBar=0 showBarNTP=1
2026-09-06 10:15:18.772: [INFO] CurrentProfilePath: C:\ExpensesPortal\.metadata\.plugins\org.eclipse.swt\EBWebView\Default
2026-09-06 10:15:18.772: [INFO] Profiles total count: 1
2026-09-06 10:15:18.772: [INFO] Profile: name=Profile 1 path=C:\ExpensesPortal\.metadata\.plugins\org.eclipse.swt\EBWebView\Default lastActive=null
2026-09-06 10:15:18.772: [INFO] LastUsedProfileDir: C:\ExpensesPortal\.metadata\.plugins\org.eclipse.swt\EBWebView\Default
2026-09-06 10:15:18.772: [INFO] OnDoneLoading sync enabled: 0
2026-09-06 10:15:18.772: [INFO] BookmarkModelLoaded, ids_reassigned: 0
2026-09-06 10:15:18.772: [INFO] BookmarksLoadDropped droppedNodes=0
2026-09-06 10:15:18.772: [INFO] BookmarksSnapshot Startup total=0 bar=0 other=0 mobile=0 showBar=0 showBarNTP=1
2026-09-06 10:17:08.832: [INFO] BookmarksSnapshot Shutdown total=0 bar=0 other=0 mobile=0 showBar=0 showBarNTP=1
2026-09-06 10:18:22.951: [INFO] CurrentProfilePath: C:\ExpensesPortal\.metadata\.plugins\org.eclipse.swt\EBWebView\Default
2026-09-06 10:18:22.951: [INFO] Profiles total count: 1
2026-09-06 10:18:22.951: [INFO] Profile: name=Profile 1 path=C:\ExpensesPortal\.metadata\.plugins\org.eclipse.swt\EBWebView\Default lastActive=null
2026-09-06 10:18:22.951: [INFO] LastUsedProfileDir: C:\ExpensesPortal\.metadata\.plugins\org.eclipse.swt\EBWebView\Default
2026-09-06 10:18:22.951: [INFO] OnDoneLoading sync enabled: 0
2026-09-06 10:18:22.951: [INFO] BookmarkModelLoaded, ids_reassigned: 0
2026-09-06 10:18:22.951: [INFO] BookmarksLoadDropped droppedNodes=0
2026-09-06 10:18:22.951: [INFO] BookmarksSnapshot Startup total=0 bar=0 other=0 mobile=0 showBar=0 showBarNTP=1
2026-09-06 10:18:57.509: [INFO] BookmarksSnapshot Shutdown total=0 bar=0 other=0 mobile=0 showBar=0 showBarNTP=1
2026-09-06 10:19:02.087: [INFO] CurrentProfilePath: C:\ExpensesPortal\.metadata\.plugins\org.eclipse.swt\EBWebView\Default
2026-09-06 10:19:02.087: [INFO] Profiles total count: 1
2026-09-06 10:19:02.087: [INFO] Profile: name=Profile 1 path=C:\ExpensesPortal\.metadata\.plugins\org.eclipse.swt\EBWebView\Default lastActive=null
2026-09-06 10:19:02.087: [INFO] LastUsedProfileDir: C:\ExpensesPortal\.metadata\.plugins\org.eclipse.swt\EBWebView\Default
2026-09-06 10:19:02.087: [INFO] OnDoneLoading sync enabled: 0
2026-09-06 10:19:02.087: [INFO] BookmarkModelLoaded, ids_reassigned: 0
2026-09-06 10:19:02.087: [INFO] BookmarksLoadDropped droppedNodes=0
2026-09-06 10:19:02.087: [INFO] BookmarksSnapshot Startup total=0 bar=0 other=0 mobile=0 showBar=0 showBarNTP=1
2026-09-06 10:20:04.272: [INFO] BookmarksSnapshot Shutdown total=0 bar=0 other=0 mobile=0 showBar=0 showBarNTP=1
2026-09-06 10:30:04.629: [INFO] CurrentProfilePath: C:\ExpensesPortal\.metadata\.plugins\org.eclipse.swt\EBWebView\Default
2026-09-06 10:30:04.629: [INFO] Profiles total count: 1
2026-09-06 10:30:04.629: [INFO] Profile: name=Profile 1 path=C:\ExpensesPortal\.metadata\.plugins\org.eclipse.swt\EBWebView\Default lastActive=null
2026-09-06 10:30:04.629: [INFO] LastUsedProfileDir: C:\ExpensesPortal\.metadata\.plugins\org.eclipse.swt\EBWebView\Default
2026-09-06 10:30:04.629: [INFO] OnDoneLoading sync enabled: 0
2026-09-06 10:30:04.629: [INFO] BookmarkModelLoaded, ids_reassigned: 0
2026-09-06 10:30:04.629: [INFO] BookmarksLoadDropped droppedNodes=0
2026-09-06 10:30:04.629: [INFO] BookmarksSnapshot Startup total=0 bar=0 other=0 mobile=0 showBar=0 showBarNTP=1
2026-09-06 10:30:07.634: [INFO] BookmarksSnapshot Shutdown total=0 bar=0 other=0 mobile=0 showBar=0 showBarNTP=1
2026-09-06 10:30:44.910: [INFO] CurrentProfilePath: C:\ExpensesPortal\.metadata\.plugins\org.eclipse.swt\EBWebView\Default
2026-09-06 10:30:44.910: [INFO] Profiles total count: 1
2026-09-06 10:30:44.910: [INFO] Profile: name=Profile 1 path=C:\ExpensesPortal\.metadata\.plugins\org.eclipse.swt\EBWebView\Default lastActive=null
2026-09-06 10:30:44.910: [INFO] LastUsedProfileDir: C:\ExpensesPortal\.metadata\.plugins\org.eclipse.swt\EBWebView\Default
2026-09-06 10:30:44.910: [INFO] OnDoneLoading sync enabled: 0
2026-09-06 10:30:44.910: [INFO] BookmarkModelLoaded, ids_reassigned: 0
2026-09-06 10:30:44.910: [INFO] BookmarksLoadDropped droppedNodes=0
2026-09-06 10:30:44.910: [INFO] BookmarksSnapshot Startup total=0 bar=0 other=0 mobile=0 showBar=0 showBarNTP=1
2026-09-06 11:56:40.858: [INFO] BookmarksSnapshot Shutdown total=0 bar=0 other=0 mobile=0 showBar=0 showBarNTP=1
2026-09-06 11:58:12.939: [INFO] CurrentProfilePath: C:\ExpensesPortal\.metadata\.plugins\org.eclipse.swt\EBWebView\Default
2026-09-06 11:58:12.939: [INFO] Profiles total count: 1
2026-09-06 11:58:12.939: [INFO] Profile: name=Profile 1 path=C:\ExpensesPortal\.metadata\.plugins\org.eclipse.swt\EBWebView\Default lastActive=null
2026-09-06 11:58:12.939: [INFO] LastUsedProfileDir: C:\ExpensesPortal\.metadata\.plugins\org.eclipse.swt\EBWebView\Default
2026-09-06 11:58:12.939: [INFO] OnDoneLoading sync enabled: 0
2026-09-06 11:58:12.939: [INFO] BookmarkModelLoaded, ids_reassigned: 0
2026-09-06 11:58:12.939: [INFO] BookmarksLoadDropped droppedNodes=0
2026-09-06 11:58:12.939: [INFO] BookmarksSnapshot Startup total=0 bar=0 other=0 mobile=0 showBar=0 showBarNTP=1
2026-09-06 11:58:16.691: [INFO] BookmarksSnapshot Shutdown total=0 bar=0 other=0 mobile=0 showBar=0 showBarNTP=1
2026-09-06 11:58:18.316: [INFO] CurrentProfilePath: C:\ExpensesPortal\.metadata\.plugins\org.eclipse.swt\EBWebView\Default
2026-09-06 11:58:18.316: [INFO] Profiles total count: 1
2026-09-06 11:58:18.316: [INFO] Profile: name=Profile 1 path=C:\ExpensesPortal\.metadata\.plugins\org.eclipse.swt\EBWebView\Default lastActive=null
2026-09-06 11:58:18.316: [INFO] LastUsedProfileDir: C:\ExpensesPortal\.metadata\.plugins\org.eclipse.swt\EBWebView\Default
2026-09-06 11:58:18.316: [INFO] OnDoneLoading sync enabled: 0
2026-09-06 11:58:18.316: [INFO] BookmarkModelLoaded, ids_reassigned: 0
2026-09-06 11:58:18.316: [INFO] BookmarksLoadDropped droppedNodes=0
2026-09-06 11:58:18.316: [INFO] BookmarksSnapshot Startup total=0 bar=0 other=0 mobile=0 showBar=0 showBarNTP=1
2026-09-06 11:59:53.944: [INFO] BookmarksSnapshot Shutdown total=0 bar=0 other=0 mobile=0 showBar=0 showBarNTP=1
2026-09-06 12:00:37.192: [INFO] CurrentProfilePath: C:\ExpensesPortal\.metadata\.plugins\org.eclipse.swt\EBWebView\Default
2026-09-06 12:00:37.192: [INFO] Profiles total count: 1
2026-09-06 12:00:37.192: [INFO] Profile: name=Profile 1 path=C:\ExpensesPortal\.metadata\.plugins\org.eclipse.swt\EBWebView\Default lastActive=null
2026-09-06 12:00:37.192: [INFO] LastUsedProfileDir: C:\ExpensesPortal\.metadata\.plugins\org.eclipse.swt\EBWebView\Default
2026-09-06 12:00:37.192: [INFO] OnDoneLoading sync enabled: 0
2026-09-06 12:00:37.192: [INFO] BookmarkModelLoaded, ids_reassigned: 0
2026-09-06 12:00:37.192: [INFO] BookmarksLoadDropped droppedNodes=0
2026-09-06 12:00:37.192: [INFO] BookmarksSnapshot Startup total=0 bar=0 other=0 mobile=0 showBar=0 showBarNTP=1
2026-09-06 12:00:43.674: [INFO] BookmarksSnapshot Shutdown total=0 bar=0 other=0 mobile=0 showBar=0 showBarNTP=1
2026-09-06 12:01:00.615: [INFO] CurrentProfilePath: C:\ExpensesPortal\.metadata\.plugins\org.eclipse.swt\EBWebView\Default
2026-09-06 12:01:00.615: [INFO] Profiles total count: 1
2026-09-06 12:01:00.615: [INFO] Profile: name=Profile 1 path=C:\ExpensesPortal\.metadata\.plugins\org.eclipse.swt\EBWebView\Default lastActive=null
2026-09-06 12:01:00.615: [INFO] LastUsedProfileDir: C:\ExpensesPortal\.metadata\.plugins\org.eclipse.swt\EBWebView\Default
2026-09-06 12:01:00.615: [INFO] OnDoneLoading sync enabled: 0
2026-09-06 12:01:00.615: [INFO] BookmarkModelLoaded, ids_reassigned: 0
2026-09-06 12:01:00.615: [INFO] BookmarksLoadDropped droppedNodes=0
2026-09-06 12:01:00.615: [INFO] BookmarksSnapshot Startup total=0 bar=0 other=0 mobile=0 showBar=0 showBarNTP=1
2026-09-06 12:01:03.100: [INFO] BookmarksSnapshot Shutdown total=0 bar=0 other=0 mobile=0 showBar=0 showBarNTP=1
2026-09-06 12:01:14.360: [INFO] CurrentProfilePath: C:\ExpensesPortal\.metadata\.plugins\org.eclipse.swt\EBWebView\Default
2026-09-06 12:01:14.360: [INFO] Profiles total count: 1
2026-09-06 12:01:14.360: [INFO] Profile: name=Profile 1 path=C:\ExpensesPortal\.metadata\.plugins\org.eclipse.swt\EBWebView\Default lastActive=null
2026-09-06 12:01:14.360: [INFO] LastUsedProfileDir: C:\ExpensesPortal\.metadata\.plugins\org.eclipse.swt\EBWebView\Default
2026-09-06 12:01:14.360: [INFO] OnDoneLoading sync enabled: 0
2026-09-06 12:01:14.360: [INFO] BookmarkModelLoaded, ids_reassigned: 0
2026-09-06 12:01:14.360: [INFO] BookmarksLoadDropped droppedNodes=0
2026-09-06 12:01:14.360: [INFO] BookmarksSnapshot Startup total=0 bar=0 other=0 mobile=0 showBar=0 showBarNTP=1
2026-09-06 12:01:23.955: [INFO] BookmarksSnapshot Shutdown total=0 bar=0 other=0 mobile=0 showBar=0 showBarNTP=1
2026-09-06 12:01:31.633: [INFO] CurrentProfilePath: C:\ExpensesPortal\.metadata\.plugins\org.eclipse.swt\EBWebView\Default
2026-09-06 12:01:31.633: [INFO] Profiles total count: 1
2026-09-06 12:01:31.633: [INFO] Profile: name=Profile 1 path=C:\ExpensesPortal\.metadata\.plugins\org.eclipse.swt\EBWebView\Default lastActive=null
2026-09-06 12:01:31.633: [INFO] LastUsedProfileDir: C:\ExpensesPortal\.metadata\.plugins\org.eclipse.swt\EBWebView\Default
2026-09-06 12:01:31.633: [INFO] OnDoneLoading sync enabled: 0
2026-09-06 12:01:31.633: [INFO] BookmarkModelLoaded, ids_reassigned: 0
2026-09-06 12:01:31.633: [INFO] BookmarksLoadDropped droppedNodes=0
2026-09-06 12:01:31.633: [INFO] BookmarksSnapshot Startup total=0 bar=0 other=0 mobile=0 showBar=0 showBarNTP=1
2026-09-06 12:41:47.391: [INFO] BookmarksSnapshot Shutdown total=0 bar=0 other=0 mobile=0 showBar=0 showBarNTP=1
2026-09-06 12:43:38.709: [INFO] CurrentProfilePath: C:\ExpensesPortal\.metadata\.plugins\org.eclipse.swt\EBWebView\Default
2026-09-06 12:43:38.709: [INFO] Profiles total count: 1
2026-09-06 12:43:38.709: [INFO] Profile: name=Profile 1 path=C:\ExpensesPortal\.metadata\.plugins\org.eclipse.swt\EBWebView\Default lastActive=2026-09-06T12:08:53.981Z
2026-09-06 12:43:38.709: [INFO] LastUsedProfileDir: C:\ExpensesPortal\.metadata\.plugins\org.eclipse.swt\EBWebView\Default
2026-09-06 12:43:38.709: [INFO] MostRecentlyActiveProfile: name=Profile 1 path=C:\ExpensesPortal\.metadata\.plugins\org.eclipse.swt\EBWebView\Default lastActive=2026-09-06T12:08:53.981Z
2026-09-06 12:43:38.709: [INFO] OnDoneLoading sync enabled: 0
2026-09-06 12:43:38.709: [INFO] BookmarkModelLoaded, ids_reassigned: 0
2026-09-06 12:43:38.709: [INFO] BookmarksLoadDropped droppedNodes=0
2026-09-06 12:43:38.709: [INFO] BookmarksSnapshot Startup total=0 bar=0 other=0 mobile=0 showBar=0 showBarNTP=1
2026-09-06 12:43:40.039: [INFO] BookmarksSnapshot Shutdown total=0 bar=0 other=0 mobile=0 showBar=0 showBarNTP=1
